"","x"
"1","Family.Lachnospiraceae.0005"
"2","Family.Lachnospiraceae.0008"
"3","Oscillibacter.0002"
"4","Family.Lachnospiraceae.0012"
"5","Family.Lachnospiraceae.0020"
"6","Family.Ruminococcaceae.0004"
"7","Family.Lachnospiraceae.0023"
"8","Family.Lachnospiraceae.0029"
"9","Johnsonella.0001"
"10","Family.Ruminococcaceae.0007"
"11","Family.Lachnospiraceae.0036"
"12","Family.Lachnospiraceae.0043"
"13","Family.Lachnospiraceae.0048"
"14","Family.Lachnospiraceae.0075"
