"","x"
"1","Family.Ruminococcaceae.0001"
"2","Family.Lachnospiraceae.0011"
"3","Family.Ruminococcaceae.0002"
"4","Family.Lachnospiraceae.0014"
"5","Family.Lachnospiraceae.0021"
"6","Family.Lachnospiraceae.0039"
"7","Order.Clostridiales.0001"
"8","Family.Ruminococcaceae.0008"
"9","Family.Lachnospiraceae.0047"
"10","Pseudomonas.0001"
"11","Family.Ruminococcaceae.0009"
"12","Family.Lachnospiraceae.0059"
"13","Family.Lachnospiraceae.0072"
"14","Order.Clostridiales.0008"
