"","Family.Lachnospiraceae.0015","Family.Lachnospiraceae.0024","Family.Lachnospiraceae.0031","Family.Lachnospiraceae.0050","Family.Ruminococcaceae.0010","Family.Ruminococcaceae.0011"
"Family.Lachnospiraceae.0015",0,0,0,0,0,0
"Family.Lachnospiraceae.0024",1,1,1,1,1,1
"Family.Lachnospiraceae.0031",0,0,0,0,0,0
"Family.Lachnospiraceae.0050",0,0,0,0,0,0
"Family.Ruminococcaceae.0010",0,0,0,0,0,0
"Family.Ruminococcaceae.0011",0,0,0,0,0,0
