"","Family.Lachnospiraceae.0027","Family.Lachnospiraceae.0030","Family.Lachnospiraceae.0032","Family.Lachnospiraceae.0055","Family.Lachnospiraceae.0060","Family.Lachnospiraceae.0084","Order.Clostridiales.0015"
"Family.Lachnospiraceae.0027",0,0,0,0,0,0,0
"Family.Lachnospiraceae.0030",1,1,1,1,1,1,1
"Family.Lachnospiraceae.0032",0,0,0,0,0,0,0
"Family.Lachnospiraceae.0055",0,0,0,0,0,0,0
"Family.Lachnospiraceae.0060",0,0,0,0,0,0,0
"Family.Lachnospiraceae.0084",0,0,0,0,0,0,0
"Order.Clostridiales.0015",0,0,0,0,0,0,0
